// Jest Snapshot v1, https://goo.gl/fbAQLP

exports[`WinningConfig should instantiate with the correct values 1`] = `
WinningConfig {
  "items": Array [],
}
`;
