// Jest Snapshot v1, https://goo.gl/fbAQLP

exports[`BidderPot should instantiate with the correct values 1`] = `
BidderPot {
  "auctionAct": PublicKey {
    "_bn": "00",
  },
  "bidderAct": PublicKey {
    "_bn": "00",
  },
  "bidderPot": PublicKey {
    "_bn": "00",
  },
  "emptied": 0,
}
`;
